  [1m[35m (53.1ms)[0m  [1m[35mCREATE TABLE `schema_migrations` (`version` varchar(255) NOT NULL PRIMARY KEY)[0m
  [1m[35m (55.4ms)[0m  [1m[35mCREATE TABLE `ar_internal_metadata` (`key` varchar(255) NOT NULL PRIMARY KEY, `value` varchar(255), `created_at` datetime(6) NOT NULL, `updated_at` datetime(6) NOT NULL)[0m
  [1m[35m (0.3ms)[0m  [1m[34mSELECT GET_LOCK('6617535630868360695', 0)[0m
  [1m[36mActiveRecord::SchemaMigration Load (4.7ms)[0m  [1m[34mSELECT `schema_migrations`.`version` FROM `schema_migrations` ORDER BY `schema_migrations`.`version` ASC[0m
  [1m[36mActiveRecord::InternalMetadata Load (0.7ms)[0m  [1m[34mSELECT * FROM `ar_internal_metadata` WHERE `ar_internal_metadata`.`key` = 'environment' ORDER BY `ar_internal_metadata`.`key` ASC LIMIT 1[0m
  [1m[36mActiveRecord::InternalMetadata Create (7.9ms)[0m  [1m[32mINSERT INTO `ar_internal_metadata` (`key`, `value`, `created_at`, `updated_at`) VALUES ('environment', 'development', '2024-10-02 07:49:52.609809', '2024-10-02 07:49:52.609811')[0m
Migrating to Blog (20241002070558)
  [1m[36mActiveRecord::SchemaMigration Create (5.7ms)[0m  [1m[32mINSERT INTO `schema_migrations` (`version`) VALUES ('20241002070558')[0m
Migrating to CreateHome (20241002070714)
  [1m[35m (0.2ms)[0m  [1m[34mSELECT RELEASE_LOCK('6617535630868360695')[0m
  [1m[35m (0.2ms)[0m  [1m[34mSELECT GET_LOCK('6617535630868360695', 0)[0m
  [1m[36mActiveRecord::SchemaMigration Load (0.3ms)[0m  [1m[34mSELECT `schema_migrations`.`version` FROM `schema_migrations` ORDER BY `schema_migrations`.`version` ASC[0m
  [1m[36mActiveRecord::InternalMetadata Load (0.4ms)[0m  [1m[34mSELECT * FROM `ar_internal_metadata` WHERE `ar_internal_metadata`.`key` = 'environment' ORDER BY `ar_internal_metadata`.`key` ASC LIMIT 1[0m
Migrating to CreateHome (20241002070714)
  [1m[35m (0.3ms)[0m  [1m[34mSELECT RELEASE_LOCK('6617535630868360695')[0m
  [1m[35m (0.2ms)[0m  [1m[34mSELECT GET_LOCK('6617535630868360695', 0)[0m
  [1m[36mActiveRecord::SchemaMigration Load (0.4ms)[0m  [1m[34mSELECT `schema_migrations`.`version` FROM `schema_migrations` ORDER BY `schema_migrations`.`version` ASC[0m
  [1m[36mActiveRecord::InternalMetadata Load (0.3ms)[0m  [1m[34mSELECT * FROM `ar_internal_metadata` WHERE `ar_internal_metadata`.`key` = 'environment' ORDER BY `ar_internal_metadata`.`key` ASC LIMIT 1[0m
Migrating to CreateHome (20241002070714)
  [1m[35m (0.3ms)[0m  [1m[34mSELECT RELEASE_LOCK('6617535630868360695')[0m
  [1m[35m (0.2ms)[0m  [1m[34mSELECT GET_LOCK('6617535630868360695', 0)[0m
  [1m[36mActiveRecord::SchemaMigration Load (0.3ms)[0m  [1m[34mSELECT `schema_migrations`.`version` FROM `schema_migrations` ORDER BY `schema_migrations`.`version` ASC[0m
  [1m[36mActiveRecord::InternalMetadata Load (0.4ms)[0m  [1m[34mSELECT * FROM `ar_internal_metadata` WHERE `ar_internal_metadata`.`key` = 'environment' ORDER BY `ar_internal_metadata`.`key` ASC LIMIT 1[0m
Migrating to CreateHome (20241002070714)
  [1m[35m (0.2ms)[0m  [1m[34mSELECT RELEASE_LOCK('6617535630868360695')[0m
  [1m[35m (0.2ms)[0m  [1m[34mSELECT GET_LOCK('6617535630868360695', 0)[0m
  [1m[36mActiveRecord::SchemaMigration Load (0.3ms)[0m  [1m[34mSELECT `schema_migrations`.`version` FROM `schema_migrations` ORDER BY `schema_migrations`.`version` ASC[0m
  [1m[36mActiveRecord::InternalMetadata Load (0.3ms)[0m  [1m[34mSELECT * FROM `ar_internal_metadata` WHERE `ar_internal_metadata`.`key` = 'environment' ORDER BY `ar_internal_metadata`.`key` ASC LIMIT 1[0m
Migrating to CreateHome (20241002070714)
  [1m[35m (0.2ms)[0m  [1m[34mSELECT RELEASE_LOCK('6617535630868360695')[0m
  [1m[35m (0.2ms)[0m  [1m[34mSELECT GET_LOCK('6617535630868360695', 0)[0m
  [1m[36mActiveRecord::SchemaMigration Load (0.3ms)[0m  [1m[34mSELECT `schema_migrations`.`version` FROM `schema_migrations` ORDER BY `schema_migrations`.`version` ASC[0m
  [1m[36mActiveRecord::InternalMetadata Load (0.3ms)[0m  [1m[34mSELECT * FROM `ar_internal_metadata` WHERE `ar_internal_metadata`.`key` = 'environment' ORDER BY `ar_internal_metadata`.`key` ASC LIMIT 1[0m
Migrating to CreateHome (20241002070714)
  [1m[35m (1.2ms)[0m  [1m[35mCREATE TABLE `m_users` (`id` bigint NOT NULL AUTO_INCREMENT PRIMARY KEY, `user_name` varchar(50) NOT NULL, `nick_name` varchar(50) NOT NULL, `user_set_id` varchar(50) NOT NULL, `user_set_password` varchar(50) NOT NULL, `user_set_image` varchar(255), `email` varchar(255) NOT NULL, `phone_number` varchar(20), `user_type_id` bigint, `create_date` datetime(6) NOT NULL, `modify_date` datetime(6) NOT NULL, `flg_delete` int DEFAULT 0, `created_at` datetime(6) NOT NULL, `updated_at` datetime(6) NOT NULL, INDEX `index_m_users_on_user_type_id` (`user_type_id`), CONSTRAINT `fk_rails_fa330cab5d`
FOREIGN KEY (`user_type_id`)
  REFERENCES `m_user_types` (`id`)
)[0m
  [1m[35m (0.4ms)[0m  [1m[34mSELECT RELEASE_LOCK('6617535630868360695')[0m
  [1m[35m (0.2ms)[0m  [1m[34mSELECT GET_LOCK('6617535630868360695', 0)[0m
  [1m[36mActiveRecord::SchemaMigration Load (0.3ms)[0m  [1m[34mSELECT `schema_migrations`.`version` FROM `schema_migrations` ORDER BY `schema_migrations`.`version` ASC[0m
  [1m[36mActiveRecord::InternalMetadata Load (0.3ms)[0m  [1m[34mSELECT * FROM `ar_internal_metadata` WHERE `ar_internal_metadata`.`key` = 'environment' ORDER BY `ar_internal_metadata`.`key` ASC LIMIT 1[0m
Migrating to CreateHome (20241002070714)
  [1m[35m (1.3ms)[0m  [1m[35mCREATE TABLE `m_users` (`id` bigint NOT NULL AUTO_INCREMENT PRIMARY KEY, `user_name` varchar(50) NOT NULL, `nick_name` varchar(50) NOT NULL, `user_set_id` varchar(50) NOT NULL, `user_set_password` varchar(50) NOT NULL, `user_set_image` varchar(255), `email` varchar(255) NOT NULL, `phone_number` varchar(20), `user_type_id` bigint, `create_date` datetime(6) NOT NULL, `modify_date` datetime(6) NOT NULL, `flg_delete` int DEFAULT 0, `created_at` datetime(6) NOT NULL, `updated_at` datetime(6) NOT NULL, INDEX `index_m_users_on_user_type_id` (`user_type_id`), CONSTRAINT `fk_rails_fa330cab5d`
FOREIGN KEY (`user_type_id`)
  REFERENCES `m_user_types` (`id`)
)[0m
  [1m[35m (0.2ms)[0m  [1m[34mSELECT RELEASE_LOCK('6617535630868360695')[0m
  [1m[35m (0.2ms)[0m  [1m[34mSELECT GET_LOCK('6617535630868360695', 0)[0m
  [1m[36mActiveRecord::SchemaMigration Load (0.5ms)[0m  [1m[34mSELECT `schema_migrations`.`version` FROM `schema_migrations` ORDER BY `schema_migrations`.`version` ASC[0m
  [1m[36mActiveRecord::InternalMetadata Load (0.4ms)[0m  [1m[34mSELECT * FROM `ar_internal_metadata` WHERE `ar_internal_metadata`.`key` = 'environment' ORDER BY `ar_internal_metadata`.`key` ASC LIMIT 1[0m
Migrating to CreateHome (20241002070714)
  [1m[35m (1.3ms)[0m  [1m[35mCREATE TABLE `m_users` (`id` bigint NOT NULL AUTO_INCREMENT PRIMARY KEY, `user_name` varchar(50) NOT NULL, `nick_name` varchar(50) NOT NULL, `user_set_id` varchar(50) NOT NULL, `user_set_password` varchar(50) NOT NULL, `user_set_image` varchar(255), `email` varchar(255) NOT NULL, `phone_number` varchar(20), `user_type_id` bigint, `create_date` datetime(6) NOT NULL, `modify_date` datetime(6) NOT NULL, `flg_delete` int DEFAULT 0, `created_at` datetime(6) NOT NULL, `updated_at` datetime(6) NOT NULL, INDEX `index_m_users_on_user_type_id` (`user_type_id`), CONSTRAINT `fk_rails_fa330cab5d`
FOREIGN KEY (`user_type_id`)
  REFERENCES `m_user_types` (`id`)
)[0m
  [1m[35m (0.4ms)[0m  [1m[34mSELECT RELEASE_LOCK('6617535630868360695')[0m
  [1m[35m (0.2ms)[0m  [1m[34mSELECT GET_LOCK('6617535630868360695', 0)[0m
  [1m[36mActiveRecord::SchemaMigration Load (0.4ms)[0m  [1m[34mSELECT `schema_migrations`.`version` FROM `schema_migrations` ORDER BY `schema_migrations`.`version` ASC[0m
  [1m[36mActiveRecord::InternalMetadata Load (0.3ms)[0m  [1m[34mSELECT * FROM `ar_internal_metadata` WHERE `ar_internal_metadata`.`key` = 'environment' ORDER BY `ar_internal_metadata`.`key` ASC LIMIT 1[0m
Migrating to CreateHome (20241002070714)
  [1m[35m (1.0ms)[0m  [1m[35mCREATE TABLE `m_users` (`id` bigint NOT NULL AUTO_INCREMENT PRIMARY KEY, `user_name` varchar(50) NOT NULL, `nick_name` varchar(50) NOT NULL, `user_set_id` varchar(50) NOT NULL, `user_set_password` varchar(50) NOT NULL, `user_set_image` varchar(255), `email` varchar(255) NOT NULL, `phone_number` varchar(20), `user_type_id` bigint, `create_date` datetime(6) NOT NULL, `modify_date` datetime(6) NOT NULL, `flg_delete` int DEFAULT 0, `created_at` datetime(6) NOT NULL, `updated_at` datetime(6) NOT NULL, INDEX `index_m_users_on_user_type_id` (`user_type_id`), CONSTRAINT `fk_rails_fa330cab5d`
FOREIGN KEY (`user_type_id`)
  REFERENCES `m_user_types` (`id`)
)[0m
  [1m[35m (0.4ms)[0m  [1m[34mSELECT RELEASE_LOCK('6617535630868360695')[0m
  [1m[35m (0.2ms)[0m  [1m[34mSELECT GET_LOCK('6617535630868360695', 0)[0m
  [1m[36mActiveRecord::SchemaMigration Load (0.5ms)[0m  [1m[34mSELECT `schema_migrations`.`version` FROM `schema_migrations` ORDER BY `schema_migrations`.`version` ASC[0m
  [1m[36mActiveRecord::InternalMetadata Load (0.4ms)[0m  [1m[34mSELECT * FROM `ar_internal_metadata` WHERE `ar_internal_metadata`.`key` = 'environment' ORDER BY `ar_internal_metadata`.`key` ASC LIMIT 1[0m
Migrating to CreateHome (20241002070714)
  [1m[35m (1.3ms)[0m  [1m[35mCREATE TABLE `m_users` (`id` bigint NOT NULL AUTO_INCREMENT PRIMARY KEY, `user_name` varchar(50) NOT NULL, `nick_name` varchar(50) NOT NULL, `user_set_id` varchar(50) NOT NULL, `user_set_password` varchar(50) NOT NULL, `user_set_image` varchar(255), `email` varchar(255) NOT NULL, `phone_number` varchar(20), `user_type_id` bigint, `create_date` datetime(6) NOT NULL, `modify_date` datetime(6) NOT NULL, `flg_delete` int DEFAULT 0, `created_at` datetime(6) NOT NULL, `updated_at` datetime(6) NOT NULL, INDEX `index_m_users_on_user_type_id` (`user_type_id`), CONSTRAINT `fk_rails_fa330cab5d`
FOREIGN KEY (`user_type_id`)
  REFERENCES `m_user_types` (`id`)
)[0m
  [1m[35m (0.4ms)[0m  [1m[34mSELECT RELEASE_LOCK('6617535630868360695')[0m
  [1m[35m (0.2ms)[0m  [1m[34mSELECT GET_LOCK('6617535630868360695', 0)[0m
  [1m[36mActiveRecord::SchemaMigration Load (0.6ms)[0m  [1m[34mSELECT `schema_migrations`.`version` FROM `schema_migrations` ORDER BY `schema_migrations`.`version` ASC[0m
  [1m[36mActiveRecord::InternalMetadata Load (0.3ms)[0m  [1m[34mSELECT * FROM `ar_internal_metadata` WHERE `ar_internal_metadata`.`key` = 'environment' ORDER BY `ar_internal_metadata`.`key` ASC LIMIT 1[0m
Migrating to CreateHome (20241002070714)
  [1m[35m (52.1ms)[0m  [1m[35mCREATE TABLE `m_user_types` (`id` bigint NOT NULL AUTO_INCREMENT PRIMARY KEY, `user_type_name` varchar(255) NOT NULL, `create_date` datetime(6) NOT NULL, `modify_date` datetime(6) NOT NULL, `flg_delete` int DEFAULT 0 NOT NULL, `created_at` datetime(6) NOT NULL, `updated_at` datetime(6) NOT NULL)[0m
  [1m[35m (0.2ms)[0m  [1m[34mSELECT RELEASE_LOCK('6617535630868360695')[0m
  [1m[35m (0.1ms)[0m  [1m[34mSELECT GET_LOCK('6617535630868360695', 0)[0m
  [1m[36mActiveRecord::SchemaMigration Load (0.2ms)[0m  [1m[34mSELECT `schema_migrations`.`version` FROM `schema_migrations` ORDER BY `schema_migrations`.`version` ASC[0m
  [1m[36mActiveRecord::InternalMetadata Load (0.2ms)[0m  [1m[34mSELECT * FROM `ar_internal_metadata` WHERE `ar_internal_metadata`.`key` = 'environment' ORDER BY `ar_internal_metadata`.`key` ASC LIMIT 1[0m
Migrating to CreateHome (20241002070714)
  [1m[35m (1.1ms)[0m  [1m[35mCREATE TABLE `m_user_types` (`id` bigint NOT NULL AUTO_INCREMENT PRIMARY KEY, `user_type_name` varchar(255) NOT NULL, `create_date` datetime(6) NOT NULL, `modify_date` datetime(6) NOT NULL, `flg_delete` int DEFAULT 0 NOT NULL, `created_at` datetime(6) NOT NULL, `updated_at` datetime(6) NOT NULL)[0m
  [1m[35m (0.2ms)[0m  [1m[34mSELECT RELEASE_LOCK('6617535630868360695')[0m
  [1m[35m (0.2ms)[0m  [1m[34mSELECT GET_LOCK('6617535630868360695', 0)[0m
  [1m[36mActiveRecord::SchemaMigration Load (0.3ms)[0m  [1m[34mSELECT `schema_migrations`.`version` FROM `schema_migrations` ORDER BY `schema_migrations`.`version` ASC[0m
  [1m[36mActiveRecord::InternalMetadata Load (0.3ms)[0m  [1m[34mSELECT * FROM `ar_internal_metadata` WHERE `ar_internal_metadata`.`key` = 'environment' ORDER BY `ar_internal_metadata`.`key` ASC LIMIT 1[0m
Migrating to CreateHome (20241002070714)
  [1m[35m (59.9ms)[0m  [1m[35mCREATE TABLE `m_user_types` (`id` bigint NOT NULL AUTO_INCREMENT PRIMARY KEY, `user_type_name` varchar(255) NOT NULL, `create_date` datetime(6) NOT NULL, `modify_date` datetime(6) NOT NULL, `flg_delete` int DEFAULT 0 NOT NULL, `created_at` datetime(6) NOT NULL, `updated_at` datetime(6) NOT NULL)[0m
  [1m[35m (60.8ms)[0m  [1m[35mCREATE TABLE `m_users` (`id` bigint NOT NULL AUTO_INCREMENT PRIMARY KEY, `m_user_type_id` bigint NOT NULL, `user_name` varchar(50) NOT NULL, `nick_name` varchar(50) NOT NULL, `user_set_id` varchar(50) NOT NULL, `user_set_password` varchar(50) NOT NULL, `user_set_image` varchar(255), `email` varchar(255) NOT NULL, `phone_number` varchar(20), `create_date` datetime(6) NOT NULL, `modify_date` datetime(6) NOT NULL, `flg_delete` int DEFAULT 0 NOT NULL, `created_at` datetime(6) NOT NULL, `updated_at` datetime(6) NOT NULL, INDEX `index_m_users_on_m_user_type_id` (`m_user_type_id`), CONSTRAINT `fk_rails_05ef3b5c7f`
FOREIGN KEY (`m_user_type_id`)
  REFERENCES `m_user_types` (`id`)
)[0m
  [1m[35m (125.7ms)[0m  [1m[35mCREATE TABLE `m_categories` (`id` bigint NOT NULL AUTO_INCREMENT PRIMARY KEY, `category_name` varchar(50) NOT NULL, `create_date` datetime(6) NOT NULL, `modify_date` datetime(6) NOT NULL, `flg_visible` int DEFAULT 1 NOT NULL, `flg_delete` int DEFAULT 0 NOT NULL, `created_at` datetime(6) NOT NULL, `updated_at` datetime(6) NOT NULL)[0m
  [1m[35m (71.2ms)[0m  [1m[35mCREATE TABLE `m_moments` (`id` bigint NOT NULL AUTO_INCREMENT PRIMARY KEY, `category_id` bigint NOT NULL, `title` varchar(255), `comment` text, `visit_user_name` varchar(50) NOT NULL, `flg_visible` int DEFAULT 1 NOT NULL, `flg_delete` int DEFAULT 0 NOT NULL, `created_at` datetime(6) NOT NULL, `updated_at` datetime(6) NOT NULL, INDEX `index_m_moments_on_category_id` (`category_id`), CONSTRAINT `fk_rails_ee5d228a74`
FOREIGN KEY (`category_id`)
  REFERENCES `m_categories` (`id`)
)[0m
  [1m[35m (61.6ms)[0m  [1m[35mCREATE TABLE `m_moment_images` (`id` bigint NOT NULL AUTO_INCREMENT PRIMARY KEY, `moment_id` bigint NOT NULL, `user_id` bigint NOT NULL, `path` varchar(255) NOT NULL, `flg_delete` int DEFAULT 0 NOT NULL, `created_at` datetime(6) NOT NULL, `updated_at` datetime(6) NOT NULL, INDEX `index_m_moment_images_on_moment_id` (`moment_id`), INDEX `index_m_moment_images_on_user_id` (`user_id`), CONSTRAINT `fk_rails_67e2c2faa0`
FOREIGN KEY (`moment_id`)
  REFERENCES `m_moments` (`id`)
, CONSTRAINT `fk_rails_429f7c151f`
FOREIGN KEY (`user_id`)
  REFERENCES `m_users` (`id`)
)[0m
  [1m[35m (57.4ms)[0m  [1m[35mCREATE TABLE `m_seos` (`path` varchar(255) NOT NULL PRIMARY KEY, `title` varchar(255) NOT NULL, `description` text NOT NULL, `keywords` text NOT NULL, `header_text` text NOT NULL, `footer_text` text NOT NULL, `created_at` datetime(6) NOT NULL, `updated_at` datetime(6) NOT NULL)[0m
  [1m[36mActiveRecord::SchemaMigration Create (9.9ms)[0m  [1m[32mINSERT INTO `schema_migrations` (`version`) VALUES ('20241002070714')[0m
  [1m[35m (0.2ms)[0m  [1m[34mSELECT RELEASE_LOCK('6617535630868360695')[0m
  [1m[36mActiveRecord::SchemaMigration Load (0.4ms)[0m  [1m[34mSELECT `schema_migrations`.`version` FROM `schema_migrations` ORDER BY `schema_migrations`.`version` ASC[0m
  [1m[35m (0.2ms)[0m  [1m[34mSELECT GET_LOCK('6617535630868360695', 0)[0m
  [1m[36mActiveRecord::SchemaMigration Load (0.3ms)[0m  [1m[34mSELECT `schema_migrations`.`version` FROM `schema_migrations` ORDER BY `schema_migrations`.`version` ASC[0m
  [1m[36mActiveRecord::InternalMetadata Load (0.3ms)[0m  [1m[34mSELECT * FROM `ar_internal_metadata` WHERE `ar_internal_metadata`.`key` = 'environment' ORDER BY `ar_internal_metadata`.`key` ASC LIMIT 1[0m
  [1m[35m (0.3ms)[0m  [1m[34mSELECT RELEASE_LOCK('6617535630868360695')[0m
  [1m[36mActiveRecord::SchemaMigration Load (0.2ms)[0m  [1m[34mSELECT `schema_migrations`.`version` FROM `schema_migrations` ORDER BY `schema_migrations`.`version` ASC[0m
